Archive member included to satisfy reference by file (symbol)

/Applications/STM32CubeIDE.app/Contents/Eclipse/plugins/com.st.stm32cube.ide.mcu.externaltools.gnu-tools-for-stm32.12.3.rel1.macos64_1.1.0.202410301201/tools/bin/../lib/gcc/arm-none-eabi/12.3.1/../../../../arm-none-eabi/lib/thumb/v7e-m+fp/hard/libc_nano.a(libc_a-exit.o)
                              /Applications/STM32CubeIDE.app/Contents/Eclipse/plugins/com.st.stm32cube.ide.mcu.externaltools.gnu-tools-for-stm32.12.3.rel1.macos64_1.1.0.202410301201/tools/bin/../lib/gcc/arm-none-eabi/12.3.1/../../../../arm-none-eabi/lib/thumb/v7e-m+fp/hard/crt0.o (exit)
/Applications/STM32CubeIDE.app/Contents/Eclipse/plugins/com.st.stm32cube.ide.mcu.externaltools.gnu-tools-for-stm32.12.3.rel1.macos64_1.1.0.202410301201/tools/bin/../lib/gcc/arm-none-eabi/12.3.1/../../../../arm-none-eabi/lib/thumb/v7e-m+fp/hard/libc_nano.a(libc_a-sprintf.o)
                              ./Core/Src/demo.o (sprintf)
/Applications/STM32CubeIDE.app/Contents/Eclipse/plugins/com.st.stm32cube.ide.mcu.externaltools.gnu-tools-for-stm32.12.3.rel1.macos64_1.1.0.202410301201/tools/bin/../lib/gcc/arm-none-eabi/12.3.1/../../../../arm-none-eabi/lib/thumb/v7e-m+fp/hard/libc_nano.a(libc_a-findfp.o)
                              /Applications/STM32CubeIDE.app/Contents/Eclipse/plugins/com.st.stm32cube.ide.mcu.externaltools.gnu-tools-for-stm32.12.3.rel1.macos64_1.1.0.202410301201/tools/bin/../lib/gcc/arm-none-eabi/12.3.1/../../../../arm-none-eabi/lib/thumb/v7e-m+fp/hard/libc_nano.a(libc_a-exit.o) (__stdio_exit_handler)
/Applications/STM32CubeIDE.app/Contents/Eclipse/plugins/com.st.stm32cube.ide.mcu.externaltools.gnu-tools-for-stm32.12.3.rel1.macos64_1.1.0.202410301201/tools/bin/../lib/gcc/arm-none-eabi/12.3.1/../../../../arm-none-eabi/lib/thumb/v7e-m+fp/hard/libc_nano.a(libc_a-fwalk.o)
                              /Applications/STM32CubeIDE.app/Contents/Eclipse/plugins/com.st.stm32cube.ide.mcu.externaltools.gnu-tools-for-stm32.12.3.rel1.macos64_1.1.0.202410301201/tools/bin/../lib/gcc/arm-none-eabi/12.3.1/../../../../arm-none-eabi/lib/thumb/v7e-m+fp/hard/libc_nano.a(libc_a-findfp.o) (_fwalk_sglue)
/Applications/STM32CubeIDE.app/Contents/Eclipse/plugins/com.st.stm32cube.ide.mcu.externaltools.gnu-tools-for-stm32.12.3.rel1.macos64_1.1.0.202410301201/tools/bin/../lib/gcc/arm-none-eabi/12.3.1/../../../../arm-none-eabi/lib/thumb/v7e-m+fp/hard/libc_nano.a(libc_a-memset.o)
                              /Applications/STM32CubeIDE.app/Contents/Eclipse/plugins/com.st.stm32cube.ide.mcu.externaltools.gnu-tools-for-stm32.12.3.rel1.macos64_1.1.0.202410301201/tools/bin/../lib/gcc/arm-none-eabi/12.3.1/../../../../arm-none-eabi/lib/thumb/v7e-m+fp/hard/crt0.o (memset)
/Applications/STM32CubeIDE.app/Contents/Eclipse/plugins/com.st.stm32cube.ide.mcu.externaltools.gnu-tools-for-stm32.12.3.rel1.macos64_1.1.0.202410301201/tools/bin/../lib/gcc/arm-none-eabi/12.3.1/../../../../arm-none-eabi/lib/thumb/v7e-m+fp/hard/libc_nano.a(libc_a-impure.o)
                              /Applications/STM32CubeIDE.app/Contents/Eclipse/plugins/com.st.stm32cube.ide.mcu.externaltools.gnu-tools-for-stm32.12.3.rel1.macos64_1.1.0.202410301201/tools/bin/../lib/gcc/arm-none-eabi/12.3.1/../../../../arm-none-eabi/lib/thumb/v7e-m+fp/hard/libc_nano.a(libc_a-sprintf.o) (_impure_ptr)
/Applications/STM32CubeIDE.app/Contents/Eclipse/plugins/com.st.stm32cube.ide.mcu.externaltools.gnu-tools-for-stm32.12.3.rel1.macos64_1.1.0.202410301201/tools/bin/../lib/gcc/arm-none-eabi/12.3.1/../../../../arm-none-eabi/lib/thumb/v7e-m+fp/hard/libc_nano.a(libc_a-errno.o)
                              ./Core/Src/syscalls.o (__errno)
/Applications/STM32CubeIDE.app/Contents/Eclipse/plugins/com.st.stm32cube.ide.mcu.externaltools.gnu-tools-for-stm32.12.3.rel1.macos64_1.1.0.202410301201/tools/bin/../lib/gcc/arm-none-eabi/12.3.1/../../../../arm-none-eabi/lib/thumb/v7e-m+fp/hard/libc_nano.a(libc_a-init.o)
                              /Applications/STM32CubeIDE.app/Contents/Eclipse/plugins/com.st.stm32cube.ide.mcu.externaltools.gnu-tools-for-stm32.12.3.rel1.macos64_1.1.0.202410301201/tools/bin/../lib/gcc/arm-none-eabi/12.3.1/../../../../arm-none-eabi/lib/thumb/v7e-m+fp/hard/crt0.o (__libc_init_array)
/Applications/STM32CubeIDE.app/Contents/Eclipse/plugins/com.st.stm32cube.ide.mcu.externaltools.gnu-tools-for-stm32.12.3.rel1.macos64_1.1.0.202410301201/tools/bin/../lib/gcc/arm-none-eabi/12.3.1/../../../../arm-none-eabi/lib/thumb/v7e-m+fp/hard/libc_nano.a(libc_a-lock.o)
                              /Applications/STM32CubeIDE.app/Contents/Eclipse/plugins/com.st.stm32cube.ide.mcu.externaltools.gnu-tools-for-stm32.12.3.rel1.macos64_1.1.0.202410301201/tools/bin/../lib/gcc/arm-none-eabi/12.3.1/../../../../arm-none-eabi/lib/thumb/v7e-m+fp/hard/libc_nano.a(libc_a-findfp.o) (__retarget_lock_init_recursive)
[...]
Memory Configuration

Name             Origin             Length             Attributes
RAM              0x20000000         0x00018000         xrw
RAM2             0x10000000         0x00008000         xrw
FLASH            0x08000000         0x00100000         xr
*default*        0x00000000         0xffffffff

Linker script and memory map

LOAD /Applications/STM32CubeIDE.app/Contents/Eclipse/plugins/com.st.stm32cube.ide.mcu.externaltools.gnu-tools-for-stm32.12.3.rel1.macos64_1.1.0.202410301201/tools/bin/../lib/gcc/arm-none-eabi/12.3.1/thumb/v7e-m+fp/hard/crti.o
LOAD /Applications/STM32CubeIDE.app/Contents/Eclipse/plugins/com.st.stm32cube.ide.mcu.externaltools.gnu-tools-for-stm32.12.3.rel1.macos64_1.1.0.202410301201/tools/bin/../lib/gcc/arm-none-eabi/12.3.1/thumb/v7e-m+fp/hard/crtbegin.o
LOAD /Applications/STM32CubeIDE.app/Contents/Eclipse/plugins/com.st.stm32cube.ide.mcu.externaltools.gnu-tools-for-stm32.12.3.rel1.macos64_1.1.0.202410301201/tools/bin/../lib/gcc/arm-none-eabi/12.3.1/../../../../arm-none-eabi/lib/thumb/v7e-m+fp/hard/crt0.o
LOAD ./Core/Src/LED.o
LOAD ./Core/Src/SysClock.o
LOAD ./Core/Src/UART.o
LOAD ./Core/Src/demo.o
LOAD ./Core/Src/main.o
LOAD ./Core/Src/state_machine.o
LOAD ./Core/Src/syscalls.o
LOAD ./Core/Src/sysmem.o
LOAD ./Core/Src/system_stm32l4xx.o
LOAD ./Core/Startup/startup_stm32l476rgtx.o
LOAD ./Drivers/STM32L4xx_HAL_Driver/Src/stm32l4xx_hal.o
LOAD ./Drivers/STM32L4xx_HAL_Driver/Src/stm32l4xx_hal_cortex.o
LOAD ./Drivers/STM32L4xx_HAL_Driver/Src/stm32l4xx_hal_dma.o
LOAD ./Drivers/STM32L4xx_HAL_Driver/Src/stm32l4xx_hal_dma_ex.o
LOAD ./Drivers/STM32L4xx_HAL_Driver/Src/stm32l4xx_hal_exti.o
LOAD ./Drivers/STM32L4xx_HAL_Driver/Src/stm32l4xx_hal_flash.o
LOAD ./Drivers/STM32L4xx_HAL_Driver/Src/stm32l4xx_hal_flash_ex.o
LOAD ./Drivers/STM32L4xx_HAL_Driver/Src/stm32l4xx_hal_flash_ramfunc.o
LOAD ./Drivers/STM32L4xx_HAL_Driver/Src/stm32l4xx_hal_gpio.o
LOAD ./Drivers/STM32L4xx_HAL_Driver/Src/stm32l4xx_hal_i2c.o
LOAD ./Drivers/STM32L4xx_HAL_Driver/Src/stm32l4xx_hal_i2c_ex.o
LOAD ./Drivers/STM32L4xx_HAL_Driver/Src/stm32l4xx_hal_pwr.o
LOAD ./Drivers/STM32L4xx_HAL_Driver/Src/stm32l4xx_hal_pwr_ex.o
LOAD ./Drivers/STM32L4xx_HAL_Driver/Src/stm32l4xx_hal_rcc.o
LOAD ./Drivers/STM32L4xx_HAL_Driver/Src/stm32l4xx_hal_rcc_ex.o
START GROUP
LOAD /Applications/STM32CubeIDE.app/Contents/Eclipse/plugins/com.st.stm32cube.ide.mcu.externaltools.gnu-tools-for-stm32.12.3.rel1.macos64_1.1.0.202410301201/tools/bin/../lib/gcc/arm-none-eabi/12.3.1/../../../../arm-none-eabi/lib/thumb/v7e-m+fp/hard/libc_nano.a
LOAD /Applications/STM32CubeIDE.app/Contents/Eclipse/plugins/com.st.stm32cube.ide.mcu.externaltools.gnu-tools-for-stm32.12.3.rel1.macos64_1.1.0.202410301201/tools/bin/../lib/gcc/arm-none-eabi/12.3.1/../../../../arm-none-eabi/lib/thumb/v7e-m+fp/hard/libm.a
END GROUP
START GROUP
LOAD /Applications/STM32CubeIDE.app/Contents/Eclipse/plugins/com.st.stm32cube.ide.mcu.externaltools.gnu-tools-for-stm32.12.3.rel1.macos64_1.1.0.202410301201/tools/bin/../lib/gcc/arm-none-eabi/12.3.1/thumb/v7e-m+fp/hard/libgcc.a
LOAD /Applications/STM32CubeIDE.app/Contents/Eclipse/plugins/com.st.stm32cube.ide.mcu.externaltools.gnu-tools-for-stm32.12.3.rel1.macos64_1.1.0.202410301201/tools/bin/../lib/gcc/arm-none-eabi/12.3.1/../../../../arm-none-eabi/lib/thumb/v7e-m+fp/hard/libc_nano.a
END GROUP
START GROUP
LOAD /Applications/STM32CubeIDE.app/Contents/Eclipse/plugins/com.st.stm32cube.ide.mcu.externaltools.gnu-tools-for-stm32.12.3.rel1.macos64_1.1.0.202410301201/tools/bin/../lib/gcc/arm-none-eabi/12.3.1/thumb/v7e-m+fp/hard/libgcc.a
LOAD /Applications/STM32CubeIDE.app/Contents/Eclipse/plugins/com.st.stm32cube.ide.mcu.externaltools.gnu-tools-for-stm32.12.3.rel1.macos64_1.1.0.202410301201/tools/bin/../lib/gcc/arm-none-eabi/12.3.1/../../../../arm-none-eabi/lib/thumb/v7e-m+fp/hard/libc_nano.a
LOAD /Applications/STM32CubeIDE.app/Contents/Eclipse/plugins/com.st.stm32cube.ide.mcu.externaltools.gnu-tools-for-stm32.12.3.rel1.macos64_1.1.0.202410301201/tools/bin/../lib/gcc/arm-none-eabi/12.3.1/../../../../arm-none-eabi/lib/thumb/v7e-m+fp/hard/libnosys.a
END GROUP
START GROUP
LOAD /Applications/STM32CubeIDE.app/Contents/Eclipse/plugins/com.st.stm32cube.ide.mcu.externaltools.gnu-tools-for-stm32.12.3.rel1.macos64_1.1.0.202410301201/tools/bin/../lib/gcc/arm-none-eabi/12.3.1/thumb/v7e-m+fp/hard/libgcc.a
LOAD /Applications/STM32CubeIDE.app/Contents/Eclipse/plugins/com.st.stm32cube.ide.mcu.externaltools.gnu-tools-for-stm32.12.3.rel1.macos64_1.1.0.202410301201/tools/bin/../lib/gcc/arm-none-eabi/12.3.1/../../../../arm-none-eabi/lib/thumb/v7e-m+fp/hard/libc_nano.a
LOAD /Applications/STM32CubeIDE.app/Contents/Eclipse/plugins/com.st.stm32cube.ide.mcu.externaltools.gnu-tools-for-stm32.12.3.rel1.macos64_1.1.0.202410301201/tools/bin/../lib/gcc/arm-none-eabi/12.3.1/../../../../arm-none-eabi/lib/thumb/v7e-m+fp/hard/libnosys.a
END GROUP
LOAD /Applications/STM32CubeIDE.app/Contents/Eclipse/plugins/com.st.stm32cube.ide.mcu.externaltools.gnu-tools-for-stm32.12.3.rel1.macos64_1.1.0.202410301201/tools/bin/../lib/gcc/arm-none-eabi/12.3.1/thumb/v7e-m+fp/hard/crtend.o
LOAD /Applications/STM32CubeIDE.app/Contents/Eclipse/plugins/com.st.stm32cube.ide.mcu.externaltools.gnu-tools-for-stm32.12.3.rel1.macos64_1.1.0.202410301201/tools/bin/../lib/gcc/arm-none-eabi/12.3.1/thumb/v7e-m+fp/hard/crtn.o
                0x20018000                        _estack = (ORIGIN (RAM) + LENGTH (RAM))
                0x00000200                        _Min_Heap_Size = 0x200
                0x00000400                        _Min_Stack_Size = 0x400

.isr_vector     0x08000000      0x188
                0x08000000                        . = ALIGN (0x4)
 *(.isr_vector)
 .isr_vector    0x08000000      0x188 ./Core/Startup/startup_stm32l476rgtx.o
                0x08000000                g_pfnVectors
                0x08000188                        . = ALIGN (0x4)

.text           0x08000188      0xbd8
                0x08000188                        . = ALIGN (0x4)
 *(.text)
 .text          0x08000188       0x40 /Applications/STM32CubeIDE.app/Contents/Eclipse/plugins/com.st.stm32cube.ide.mcu.externaltools.gnu-tools-for-stm32.12.3.rel1.macos64_1.1.0.202410301201/tools/bin/../lib/gcc/arm-none-eabi/12.3.1/thumb/v7e-m+fp/hard/crtbegin.o
 .text          0x080001c8       0x10 /Applications/STM32CubeIDE.app/Contents/Eclipse/plugins/com.st.stm32cube.ide.mcu.externaltools.gnu-tools-for-stm32.12.3.rel1.macos64_1.1.0.202410301201/tools/bin/../lib/gcc/arm-none-eabi/12.3.1/../../../../arm-none-eabi/lib/thumb/v7e-m+fp/hard/libc_nano.a(libc_a-strlen.o)
                0x080001c8                strlen
 .text          0x080001d8       0x14 /Applications/STM32CubeIDE.app/Contents/Eclipse/plugins/com.st.stm32cube.ide.mcu.externaltools.gnu-tools-for-stm32.12.3.rel1.macos64_1.1.0.202410301201/tools/bin/../lib/gcc/arm-none-eabi/12.3.1/../../../../arm-none-eabi/lib/thumb/v7e-m+fp/hard/libc_nano.a(libc_a-strcmp.o)
                0x080001d8                strcmp
 *(.text*)
 .text.GPIO_Output_Init
                0x080001ec       0xfc ./Core/Src/LED.o
                0x080001ec                GPIO_Output_Init
 .text.LED_Init
                0x080002e8       0x26 ./Core/Src/LED.o
                0x080002e8                LED_Init
 .text.Red_LED_On
                0x0800030e       0x1e ./Core/Src/LED.o
                0x0800030e                Red_LED_On
 .text.Red_LED_Off
                0x0800032c       0x1e ./Core/Src/LED.o
                0x0800032c                Red_LED_Off
 .text.Green_LED_On
                0x0800034a       0x1e ./Core/Src/LED.o
                0x0800034a                Green_LED_On
 .text.Green_LED_Off
                0x08000368       0x1e ./Core/Src/LED.o
                0x08000368                Green_LED_Off
 *fill*         0x08000386        0x2 
 .text.LED_Flash_Handler
                0x08000388       0x28 ./Core/Src/LED.o
                0x08000388                LED_Flash_Handler
 .text.Red_LED_Toggle
                0x080003b0       0x1e ./Core/Src/LED.o
                0x080003b0                Red_LED_Toggle
 .text.Green_LED_Toggle
                0x080003ce       0x1e ./Core/Src/LED.o
                0x080003ce                Green_LED_Toggle
 .text.System_Clock_Init
                0x080003ec      0x1bc ./Core/Src/SysClock.o
                0x080003ec                System_Clock_Init
 .text.UART2_Init
                0x080005a8       0x48 ./Core/Src/UART.o
                0x080005a8                UART2_Init
 .text.UART2_GPIO_Init
                0x080005f0       0x90 ./Core/Src/UART.o
                0x080005f0                UART2_GPIO_Init
 .text.USART_Init
                0x08000680      0x10c ./Core/Src/UART.o
                0x08000680                USART_Init
 .text.USART_Read_NonBlocking
                0x0800078c       0x2c ./Core/Src/UART.o
                0x0800078c                USART_Read_NonBlocking
 .text.USART_Write
                0x080007b8       0x66 ./Core/Src/UART.o
                0x080007b8                USART_Write
 *fill*         0x0800081e        0x2 
 .text.USART_Delay
                0x08000820       0x40 ./Core/Src/UART.o
                0x08000820                USART_Delay
 .text.init_systick
                0x08000860       0x28 ./Core/Src/demo.o
                0x08000860                init_systick
 .text.SysTick_Handler
                0x08000888       0x34 ./Core/Src/demo.o
                0x08000888                SysTick_Handler
 .text.main     0x080008bc       0x46 ./Core/Src/main.o
                0x080008bc                main
 *fill*         0x08000902        0x2 
 .text.check_name
                0x08000904       0x48 ./Core/Src/state_machine.o
                0x08000904                check_name
 .text.check_for_event
                0x0800094c       0xe4 ./Core/Src/state_machine.o
                0x0800094c                check_for_event
 .text.display_help
                0x08000a30       0x2c ./Core/Src/state_machine.o
                0x08000a30                display_help
 .text.red_led_state_machine
                0x08000a5c       0xe8 ./Core/Src/state_machine.o
                0x08000a5c                red_led_state_machine
 .text.green_led_state_machine
                0x08000b44       0xec ./Core/Src/state_machine.o
                0x08000b44                green_led_state_machine
 .text.SystemInit
                0x08000c30       0x6c ./Core/Src/system_stm32l4xx.o
                0x08000c30                SystemInit
 .text.Reset_Handler
                0x08000c9c       0x50 ./Core/Startup/startup_stm32l476rgtx.o
                0x08000c9c                Reset_Handler
 .text.Default_Handler
                0x08000cec        0x2 ./Core/Startup/startup_stm32l476rgtx.o
                0x08000cec                TIM1_BRK_TIM15_IRQHandler
                0x08000cec                EXTI2_IRQHandler
                0x08000cec                TIM8_TRG_COM_IRQHandler
                0x08000cec                TIM8_CC_IRQHandler
                0x08000cec                DebugMon_Handler
                0x08000cec                TIM1_CC_IRQHandler
                0x08000cec                TSC_IRQHandler
                0x08000cec                HardFault_Handler
                0x08000cec                TAMP_STAMP_IRQHandler
                0x08000cec                PendSV_Handler
                0x08000cec                NMI_Handler
                0x08000cec                EXTI3_IRQHandler
                0x08000cec                LPTIM2_IRQHandler
                0x08000cec                DFSDM1_FLT1_IRQHandler
                0x08000cec                I2C3_ER_IRQHandler
                0x08000cec                DFSDM1_FLT2_IRQHandler
                0x08000cec                EXTI0_IRQHandler
                0x08000cec                I2C2_EV_IRQHandler
                0x08000cec                CAN1_RX0_IRQHandler
                0x08000cec                FPU_IRQHandler
                0x08000cec                TIM1_UP_TIM16_IRQHandler
                0x08000cec                UsageFault_Handler
                0x08000cec                ADC1_2_IRQHandler
                0x08000cec                SPI1_IRQHandler
                0x08000cec                TIM6_DAC_IRQHandler
                0x08000cec                TIM8_UP_IRQHandler
                0x08000cec                DMA2_Channel2_IRQHandler
                0x08000cec                DMA1_Channel4_IRQHandler
                0x08000cec                SAI2_IRQHandler
                0x08000cec                DFSDM1_FLT3_IRQHandler
                0x08000cec                USART3_IRQHandler
                0x08000cec                DMA1_Channel7_IRQHandler
                0x08000cec                CAN1_RX1_IRQHandler
                0x08000cec                LCD_IRQHandler
                0x08000cec                UART5_IRQHandler
                0x08000cec                ADC3_IRQHandler
                0x08000cec                TIM4_IRQHandler
                0x08000cec                DMA2_Channel1_IRQHandler
                0x08000cec                QUADSPI_IRQHandler
                0x08000cec                I2C1_EV_IRQHandler
                0x08000cec                DMA1_Channel6_IRQHandler
                0x08000cec                UART4_IRQHandler
                0x08000cec                DMA2_Channel4_IRQHandler
                0x08000cec                TIM3_IRQHandler
                0x08000cec                RCC_IRQHandler
                0x08000cec                DMA1_Channel1_IRQHandler
                0x08000cec                Default_Handler
                0x08000cec                DMA2_Channel7_IRQHandler
                0x08000cec                EXTI15_10_IRQHandler
                0x08000cec                TIM7_IRQHandler
                0x08000cec                SDMMC1_IRQHandler
                0x08000cec                TIM5_IRQHandler
                0x08000cec                I2C3_EV_IRQHandler
                0x08000cec                EXTI9_5_IRQHandler
                0x08000cec                RTC_WKUP_IRQHandler
                0x08000cec                PVD_PVM_IRQHandler
                0x08000cec                SPI2_IRQHandler
                0x08000cec                MemManage_Handler
                0x08000cec                CAN1_TX_IRQHandler
                0x08000cec                SVC_Handler
                0x08000cec                DMA2_Channel5_IRQHandler
                0x08000cec                DMA1_Channel5_IRQHandler
                0x08000cec                EXTI4_IRQHandler
                0x08000cec                RNG_IRQHandler
                0x08000cec                TIM1_TRG_COM_TIM17_IRQHandler
                0x08000cec                DMA1_Channel3_IRQHandler
                0x08000cec                COMP_IRQHandler
                0x08000cec                WWDG_IRQHandler
                0x08000cec                LPUART1_IRQHandler
                0x08000cec                DMA2_Channel6_IRQHandler
                0x08000cec                TIM2_IRQHandler
                0x08000cec                EXTI1_IRQHandler
                0x08000cec                USART2_IRQHandler
                0x08000cec                DFSDM1_FLT0_IRQHandler
                0x08000cec                I2C2_ER_IRQHandler
                0x08000cec                DMA1_Channel2_IRQHandler
                0x08000cec                TIM8_BRK_IRQHandler
                0x08000cec                CAN1_SCE_IRQHandler
                0x08000cec                FLASH_IRQHandler
                0x08000cec                BusFault_Handler
                0x08000cec                USART1_IRQHandler
                0x08000cec                OTG_FS_IRQHandler
                0x08000cec                SPI3_IRQHandler
                0x08000cec                I2C1_ER_IRQHandler
                0x08000cec                FMC_IRQHandler
                0x08000cec                SWPMI1_IRQHandler
                0x08000cec                LPTIM1_IRQHandler
                0x08000cec                SAI1_IRQHandler
                0x08000cec                DMA2_Channel3_IRQHandler
                0x08000cec                RTC_Alarm_IRQHandler
 .text.memset   0x08000cee       0x10 /Applications/STM32CubeIDE.app/Contents/Eclipse/plugins/com.st.stm32cube.ide.mcu.externaltools.gnu-tools-for-stm32.12.3.rel1.macos64_1.1.0.202410301201/tools/bin/../lib/gcc/arm-none-eabi/12.3.1/../../../../arm-none-eabi/lib/thumb/v7e-m+fp/hard/libc_nano.a(libc_a-memset.o)
                0x08000cee                memset
 *fill*         0x08000cfe        0x2 
 .text.__libc_init_array
                0x08000d00       0x48 /Applications/STM32CubeIDE.app/Contents/Eclipse/plugins/com.st.stm32cube.ide.mcu.externaltools.gnu-tools-for-stm32.12.3.rel1.macos64_1.1.0.202410301201/tools/bin/../lib/gcc/arm-none-eabi/12.3.1/../../../../arm-none-eabi/lib/thumb/v7e-m+fp/hard/libc_nano.a(libc_a-init.o)
                0x08000d00                __libc_init_array
 *(.glue_7)
 .glue_7        0x08000d48        0x0 linker stubs
 *(.glue_7t)
 .glue_7t       0x08000d48        0x0 linker stubs
 *(.eh_frame)
 .eh_frame      0x08000d48        0x0 /Applications/STM32CubeIDE.app/Contents/Eclipse/plugins/com.st.stm32cube.ide.mcu.externaltools.gnu-tools-for-stm32.12.3.rel1.macos64_1.1.0.202410301201/tools/bin/../lib/gcc/arm-none-eabi/12.3.1/thumb/v7e-m+fp/hard/crtbegin.o
 *(.init)
 .init          0x08000d48        0x4 /Applications/STM32CubeIDE.app/Contents/Eclipse/plugins/com.st.stm32cube.ide.mcu.externaltools.gnu-tools-for-stm32.12.3.rel1.macos64_1.1.0.202410301201/tools/bin/../lib/gcc/arm-none-eabi/12.3.1/thumb/v7e-m+fp/hard/crti.o
                0x08000d48                _init
 .init          0x08000d4c        0x8 /Applications/STM32CubeIDE.app/Contents/Eclipse/plugins/com.st.stm32cube.ide.mcu.externaltools.gnu-tools-for-stm32.12.3.rel1.macos64_1.1.0.202410301201/tools/bin/../lib/gcc/arm-none-eabi/12.3.1/thumb/v7e-m+fp/hard/crtn.o
 *(.fini)
 .fini          0x08000d54        0x4 /Applications/STM32CubeIDE.app/Contents/Eclipse/plugins/com.st.stm32cube.ide.mcu.externaltools.gnu-tools-for-stm32.12.3.rel1.macos64_1.1.0.202410301201/tools/bin/../lib/gcc/arm-none-eabi/12.3.1/thumb/v7e-m+fp/hard/crti.o
                0x08000d54                _fini
 .fini          0x08000d58        0x8 /Applications/STM32CubeIDE.app/Contents/Eclipse/plugins/com.st.stm32cube.ide.mcu.externaltools.gnu-tools-for-stm32.12.3.rel1.macos64_1.1.0.202410301201/tools/bin/../lib/gcc/arm-none-eabi/12.3.1/thumb/v7e-m+fp/hard/crtn.o
                0x08000d60                        . = ALIGN (0x4)
                0x08000d60                        _etext = .

.vfp11_veneer   0x08000d60        0x0
 .vfp11_veneer  0x08000d60        0x0 linker stubs

.v4_bx          0x08000d60        0x0
 .v4_bx         0x08000d60        0x0 linker stubs

.iplt           0x08000d60        0x0
 .iplt          0x08000d60        0x0 /Applications/STM32CubeIDE.app/Contents/Eclipse/plugins/com.st.stm32cube.ide.mcu.externaltools.gnu-tools-for-stm32.12.3.rel1.macos64_1.1.0.202410301201/tools/bin/../lib/gcc/arm-none-eabi/12.3.1/thumb/v7e-m+fp/hard/crtbegin.o

.rodata         0x08000d60      0x14c
                0x08000d60                        . = ALIGN (0x4)
 *(.rodata)
 .rodata        0x08000d60      0x14c ./Core/Src/state_machine.o
 *(.rodata*)
                0x08000eac                        . = ALIGN (0x4)

.ARM.extab      0x08000eac        0x0
                0x08000eac                        . = ALIGN (0x4)
 *(.ARM.extab* .gnu.linkonce.armextab.*)
                0x08000eac                        . = ALIGN (0x4)

.ARM            0x08000eac        0x8
                0x08000eac                        . = ALIGN (0x4)
                0x08000eac                        __exidx_start = .
 *(.ARM.exidx*)
 .ARM.exidx     0x08000eac        0x8 /Applications/STM32CubeIDE.app/Contents/Eclipse/plugins/com.st.stm32cube.ide.mcu.externaltools.gnu-tools-for-stm32.12.3.rel1.macos64_1.1.0.202410301201/tools/bin/../lib/gcc/arm-none-eabi/12.3.1/../../../../arm-none-eabi/lib/thumb/v7e-m+fp/hard/libc_nano.a(libc_a-strlen.o)
 .ARM.exidx     0x08000eb4        0x0 /Applications/STM32CubeIDE.app/Contents/Eclipse/plugins/com.st.stm32cube.ide.mcu.externaltools.gnu-tools-for-stm32.12.3.rel1.macos64_1.1.0.202410301201/tools/bin/../lib/gcc/arm-none-eabi/12.3.1/../../../../arm-none-eabi/lib/thumb/v7e-m+fp/hard/libc_nano.a(libc_a-strcmp.o)
                                  0x8 (size before relaxing)
                0x08000eb4                        __exidx_end = .
                0x08000eb4                        . = ALIGN (0x4)

.preinit_array  0x08000eb4        0x0
                0x08000eb4                        . = ALIGN (0x4)
                0x08000eb4                        PROVIDE (__preinit_array_start = .)
 *(.preinit_array*)
                0x08000eb4                        PROVIDE (__preinit_array_end = .)
                0x08000eb4                        . = ALIGN (0x4)

.init_array     0x08000eb4        0x4
                0x08000eb4                        . = ALIGN (0x4)
                0x08000eb4                        PROVIDE (__init_array_start = .)
 *(SORT_BY_NAME(.init_array.*))
 *(.init_array*)
 .init_array    0x08000eb4        0x4 /Applications/STM32CubeIDE.app/Contents/Eclipse/plugins/com.st.stm32cube.ide.mcu.externaltools.gnu-tools-for-stm32.12.3.rel1.macos64_1.1.0.202410301201/tools/bin/../lib/gcc/arm-none-eabi/12.3.1/thumb/v7e-m+fp/hard/crtbegin.o
                0x08000eb8                        PROVIDE (__init_array_end = .)
                0x08000eb8                        . = ALIGN (0x4)

.fini_array     0x08000eb8        0x4
                0x08000eb8                        . = ALIGN (0x4)
                [!provide]                        PROVIDE (__fini_array_start = .)
 *(SORT_BY_NAME(.fini_array.*))
 *(.fini_array*)
 .fini_array    0x08000eb8        0x4 /Applications/STM32CubeIDE.app/Contents/Eclipse/plugins/com.st.stm32cube.ide.mcu.externaltools.gnu-tools-for-stm32.12.3.rel1.macos64_1.1.0.202410301201/tools/bin/../lib/gcc/arm-none-eabi/12.3.1/thumb/v7e-m+fp/hard/crtbegin.o
                [!provide]                        PROVIDE (__fini_array_end = .)
                0x08000ebc                        . = ALIGN (0x4)
                0x08000ebc                        _sidata = LOADADDR (.data)

.rel.dyn        0x08000ebc        0x0
 .rel.iplt      0x08000ebc        0x0 /Applications/STM32CubeIDE.app/Contents/Eclipse/plugins/com.st.stm32cube.ide.mcu.externaltools.gnu-tools-for-stm32.12.3.rel1.macos64_1.1.0.202410301201/tools/bin/../lib/gcc/arm-none-eabi/12.3.1/thumb/v7e-m+fp/hard/crtbegin.o

.data           0x20000000       0x24 load address 0x08000ebc
                0x20000000                        . = ALIGN (0x4)
                0x20000000                        _sdata = .
 *(.data)
 *(.data*)
 .data.command_strings
                0x20000000       0x24 ./Core/Src/state_machine.o
                0x20000000                command_strings
 *(.RamFunc)
 *(.RamFunc*)
                0x20000024                        . = ALIGN (0x4)
                0x20000024                        _edata = .

.igot.plt       0x20000024        0x0 load address 0x08000ee0
 .igot.plt      0x20000024        0x0 /Applications/STM32CubeIDE.app/Contents/Eclipse/plugins/com.st.stm32cube.ide.mcu.externaltools.gnu-tools-for-stm32.12.3.rel1.macos64_1.1.0.202410301201/tools/bin/../lib/gcc/arm-none-eabi/12.3.1/thumb/v7e-m+fp/hard/crtbegin.o
                0x20000024                        . = ALIGN (0x4)

.bss            0x20000024       0x48 load address 0x08000ee0
                0x20000024                        _sbss = .
                0x20000024                        __bss_start__ = _sbss
 *(.bss)
 .bss           0x20000024       0x1c /Applications/STM32CubeIDE.app/Contents/Eclipse/plugins/com.st.stm32cube.ide.mcu.externaltools.gnu-tools-for-stm32.12.3.rel1.macos64_1.1.0.202410301201/tools/bin/../lib/gcc/arm-none-eabi/12.3.1/thumb/v7e-m+fp/hard/crtbegin.o
 *(.bss*)
 .bss.red_flashing
                0x20000040        0x4 ./Core/Src/LED.o
                0x20000040                red_flashing
 .bss.green_flashing
                0x20000044        0x4 ./Core/Src/LED.o
                0x20000044                green_flashing
 .bss.one_second_elapsed
                0x20000048        0x1 ./Core/Src/demo.o
                0x20000048                one_second_elapsed
 *fill*         0x20000049        0x3 
 .bss.counter.0
                0x2000004c        0x4 ./Core/Src/demo.o
 .bss.command_index.3
                0x20000050        0x4 ./Core/Src/state_machine.o
 .bss.current_command.2
                0x20000054       0x15 ./Core/Src/state_machine.o
 .bss.red_led_state.1
                0x20000069        0x1 ./Core/Src/state_machine.o
 .bss.green_led_state.0
                0x2000006a        0x1 ./Core/Src/state_machine.o
 *(COMMON)
                0x2000006c                        . = ALIGN (0x4)
 *fill*         0x2000006b        0x1 
                0x2000006c                        _ebss = .
                0x2000006c                        __bss_end__ = _ebss

._user_heap_stack
                0x2000006c      0x604 load address 0x08000ee0
                0x20000070                        . = ALIGN (0x8)
 *fill*         0x2000006c        0x4 
                [!provide]                        PROVIDE (end = .)
                0x20000070                        PROVIDE (_end = .)
                0x20000270                        . = (. + _Min_Heap_Size)
 *fill*         0x20000070      0x200 
                0x20000670                        . = (. + _Min_Stack_Size)
 *fill*         0x20000270      0x400 
                0x20000670                        . = ALIGN (0x8)

/DISCARD/
 libc.a(*)
 libm.a(*)
 libgcc.a(*)

.ARM.attributes
                0x00000000       0x30
 *(.ARM.attributes)
 .ARM.attributes
                0x00000000       0x22 /Applications/STM32CubeIDE.app/Contents/Eclipse/plugins/com.st.stm32cube.ide.mcu.externaltools.gnu-tools-for-stm32.12.3.rel1.macos64_1.1.0.202410301201/tools/bin/../lib/gcc/arm-none-eabi/12.3.1/thumb/v7e-m+fp/hard/crti.o
 .ARM.attributes
                0x00000022       0x34 /Applications/STM32CubeIDE.app/Contents/Eclipse/plugins/com.st.stm32cube.ide.mcu.externaltools.gnu-tools-for-stm32.12.3.rel1.macos64_1.1.0.202410301201/tools/bin/../lib/gcc/arm-none-eabi/12.3.1/thumb/v7e-m+fp/hard/crtbegin.o
 .ARM.attributes
                0x00000056       0x34 ./Core/Src/LED.o
 .ARM.attributes
                0x0000008a       0x34 ./Core/Src/SysClock.o
 .ARM.attributes
                0x000000be       0x34 ./Core/Src/UART.o
 .ARM.attributes
                0x000000f2       0x34 ./Core/Src/demo.o
 .ARM.attributes
                0x00000126       0x34 ./Core/Src/main.o
 .ARM.attributes
                0x0000015a       0x34 ./Core/Src/state_machine.o
 .ARM.attributes
                0x0000018e       0x34 ./Core/Src/system_stm32l4xx.o
 .ARM.attributes
                0x000001c2       0x21 ./Core/Startup/startup_stm32l476rgtx.o
 .ARM.attributes
                0x000001e3       0x34 /Applications/STM32CubeIDE.app/Contents/Eclipse/plugins/com.st.stm32cube.ide.mcu.externaltools.gnu-tools-for-stm32.12.3.rel1.macos64_1.1.0.202410301201/tools/bin/../lib/gcc/arm-none-eabi/12.3.1/../../../../arm-none-eabi/lib/thumb/v7e-m+fp/hard/libc_nano.a(libc_a-memset.o)
 .ARM.attributes
                0x00000217       0x34 /Applications/STM32CubeIDE.app/Contents/Eclipse/plugins/com.st.stm32cube.ide.mcu.externaltools.gnu-tools-for-stm32.12.3.rel1.macos64_1.1.0.202410301201/tools/bin/../lib/gcc/arm-none-eabi/12.3.1/../../../../arm-none-eabi/lib/thumb/v7e-m+fp/hard/libc_nano.a(libc_a-init.o)
 .ARM.attributes
                0x0000024b       0x17 /Applications/STM32CubeIDE.app/Contents/Eclipse/plugins/com.st.stm32cube.ide.mcu.externaltools.gnu-tools-for-stm32.12.3.rel1.macos64_1.1.0.202410301201/tools/bin/../lib/gcc/arm-none-eabi/12.3.1/../../../../arm-none-eabi/lib/thumb/v7e-m+fp/hard/libc_nano.a(libc_a-strlen.o)
 .ARM.attributes
                0x00000262       0x20 /Applications/STM32CubeIDE.app/Contents/Eclipse/plugins/com.st.stm32cube.ide.mcu.externaltools.gnu-tools-for-stm32.12.3.rel1.macos64_1.1.0.202410301201/tools/bin/../lib/gcc/arm-none-eabi/12.3.1/../../../../arm-none-eabi/lib/thumb/v7e-m+fp/hard/libc_nano.a(libc_a-strcmp.o)
 .ARM.attributes
                0x00000282       0x22 /Applications/STM32CubeIDE.app/Contents/Eclipse/plugins/com.st.stm32cube.ide.mcu.externaltools.gnu-tools-for-stm32.12.3.rel1.macos64_1.1.0.202410301201/tools/bin/../lib/gcc/arm-none-eabi/12.3.1/thumb/v7e-m+fp/hard/crtn.o
OUTPUT(Breadboard Activity.elf elf32-littlearm)
LOAD linker stubs
LOAD /Applications/STM32CubeIDE.app/Contents/Eclipse/plugins/com.st.stm32cube.ide.mcu.externaltools.gnu-tools-for-stm32.12.3.rel1.macos64_1.1.0.202410301201/tools/bin/../lib/gcc/arm-none-eabi/12.3.1/../../../../arm-none-eabi/lib/thumb/v7e-m+fp/hard/libc.a
LOAD /Applications/STM32CubeIDE.app/Contents/Eclipse/plugins/com.st.stm32cube.ide.mcu.externaltools.gnu-tools-for-stm32.12.3.rel1.macos64_1.1.0.202410301201/tools/bin/../lib/gcc/arm-none-eabi/12.3.1/../../../../arm-none-eabi/lib/thumb/v7e-m+fp/hard/libm.a
LOAD /Applications/STM32CubeIDE.app/Contents/Eclipse/plugins/com.st.stm32cube.ide.mcu.externaltools.gnu-tools-for-stm32.12.3.rel1.macos64_1.1.0.202410301201/tools/bin/../lib/gcc/arm-none-eabi/12.3.1/thumb/v7e-m+fp/hard/libgcc.a

.debug_info     0x00000000     0x1c33
 .debug_info    0x00000000      0x402 ./Core/Src/LED.o
 .debug_info    0x00000402      0x385 ./Core/Src/SysClock.o
 .debug_info    0x00000787      0x5a7 ./Core/Src/UART.o
 .debug_info    0x00000d2e      0x34c ./Core/Src/demo.o
 .debug_info    0x0000107a      0x154 ./Core/Src/main.o
 .debug_info    0x000011ce      0x467 ./Core/Src/state_machine.o
 .debug_info    0x00001635      0x5ce ./Core/Src/system_stm32l4xx.o
 .debug_info    0x00001c03       0x30 ./Core/Startup/startup_stm32l476rgtx.o

.debug_abbrev   0x00000000      0x96b
 .debug_abbrev  0x00000000      0x13e ./Core/Src/LED.o
 .debug_abbrev  0x0000013e       0xc6 ./Core/Src/SysClock.o
 .debug_abbrev  0x00000204      0x173 ./Core/Src/UART.o
 .debug_abbrev  0x00000377      0x1c7 ./Core/Src/demo.o
 .debug_abbrev  0x0000053e       0xe7 ./Core/Src/main.o
 .debug_abbrev  0x00000625      0x1e3 ./Core/Src/state_machine.o
 .debug_abbrev  0x00000808      0x13f ./Core/Src/system_stm32l4xx.o
 .debug_abbrev  0x00000947       0x24 ./Core/Startup/startup_stm32l476rgtx.o

.debug_aranges  0x00000000      0x1c0
 .debug_aranges
                0x00000000       0x60 ./Core/Src/LED.o
 .debug_aranges
                0x00000060       0x20 ./Core/Src/SysClock.o
 .debug_aranges
                0x00000080       0x58 ./Core/Src/UART.o
 .debug_aranges
                0x000000d8       0x38 ./Core/Src/demo.o
 .debug_aranges
                0x00000110       0x20 ./Core/Src/main.o
 .debug_aranges
                0x00000130       0x40 ./Core/Src/state_machine.o
 .debug_aranges
                0x00000170       0x28 ./Core/Src/system_stm32l4xx.o
 .debug_aranges
                0x00000198       0x28 ./Core/Startup/startup_stm32l476rgtx.o

.debug_rnglists
                0x00000000      0x131
 .debug_rnglists
                0x00000000       0x44 ./Core/Src/LED.o
 .debug_rnglists
                0x00000044       0x14 ./Core/Src/SysClock.o
 .debug_rnglists
                0x00000058       0x40 ./Core/Src/UART.o
 .debug_rnglists
                0x00000098       0x25 ./Core/Src/demo.o
 .debug_rnglists
                0x000000bd       0x13 ./Core/Src/main.o
 .debug_rnglists
                0x000000d0       0x2e ./Core/Src/state_machine.o
 .debug_rnglists
                0x000000fe       0x1a ./Core/Src/system_stm32l4xx.o
 .debug_rnglists
                0x00000118       0x19 ./Core/Startup/startup_stm32l476rgtx.o

.debug_macro    0x00000000    0x24c11
 .debug_macro   0x00000000       0xdb ./Core/Src/LED.o
 .debug_macro   0x000000db      0xab4 ./Core/Src/LED.o
 .debug_macro   0x00000b8f       0x28 ./Core/Src/LED.o
 .debug_macro   0x00000bb7       0x22 ./Core/Src/LED.o
 .debug_macro   0x00000bd9       0x8e ./Core/Src/LED.o
 .debug_macro   0x00000c67       0x51 ./Core/Src/LED.o
 .debug_macro   0x00000cb8      0x103 ./Core/Src/LED.o
 .debug_macro   0x00000dbb       0x6a ./Core/Src/LED.o
 .debug_macro   0x00000e25      0x1df ./Core/Src/LED.o
 .debug_macro   0x00001004       0x1c ./Core/Src/LED.o
 .debug_macro   0x00001020       0x22 ./Core/Src/LED.o
 .debug_macro   0x00001042       0xfb ./Core/Src/LED.o
 .debug_macro   0x0000113d     0x1011 ./Core/Src/LED.o
 .debug_macro   0x0000214e      0x11f ./Core/Src/LED.o
 .debug_macro   0x0000226d    0x1a17a ./Core/Src/LED.o
 .debug_macro   0x0001c3e7       0xc9 ./Core/Src/SysClock.o
 .debug_macro   0x0001c4b0       0xdb ./Core/Src/UART.o
 .debug_macro   0x0001c58b      0x2d4 ./Core/Src/demo.o
 .debug_macro   0x0001c85f       0x5b ./Core/Src/demo.o
 .debug_macro   0x0001c8ba       0x2a ./Core/Src/demo.o
 .debug_macro   0x0001c8e4       0x94 ./Core/Src/demo.o
 .debug_macro   0x0001c978       0x43 ./Core/Src/demo.o
 .debug_macro   0x0001c9bb       0x34 ./Core/Src/demo.o
 .debug_macro   0x0001c9ef       0x16 ./Core/Src/demo.o
 .debug_macro   0x0001ca05       0x57 ./Core/Src/demo.o
 .debug_macro   0x0001ca5c       0x9e ./Core/Src/demo.o
 .debug_macro   0x0001cafa      0x369 ./Core/Src/demo.o
 .debug_macro   0x0001ce63      0x10b ./Core/Src/demo.o
 .debug_macro   0x0001cf6e       0x10 ./Core/Src/demo.o
 .debug_macro   0x0001cf7e       0x16 ./Core/Src/demo.o
 .debug_macro   0x0001cf94       0x43 ./Core/Src/demo.o
 .debug_macro   0x0001cfd7       0x34 ./Core/Src/demo.o
 .debug_macro   0x0001d00b       0x10 ./Core/Src/demo.o
 .debug_macro   0x0001d01b       0x58 ./Core/Src/demo.o
 .debug_macro   0x0001d073       0x8e ./Core/Src/demo.o
 .debug_macro   0x0001d101       0x1c ./Core/Src/demo.o
 .debug_macro   0x0001d11d      0x177 ./Core/Src/demo.o
 .debug_macro   0x0001d294       0x16 ./Core/Src/demo.o
 .debug_macro   0x0001d2aa       0x16 ./Core/Src/demo.o
 .debug_macro   0x0001d2c0      0x146 ./Core/Src/demo.o
 .debug_macro   0x0001d406       0x16 ./Core/Src/demo.o
 .debug_macro   0x0001d41c       0x35 ./Core/Src/demo.o
 .debug_macro   0x0001d451       0x20 ./Core/Src/demo.o
 .debug_macro   0x0001d471       0x10 ./Core/Src/demo.o
 .debug_macro   0x0001d481       0x2e ./Core/Src/demo.o
 .debug_macro   0x0001d4af       0x6d ./Core/Src/demo.o
 .debug_macro   0x0001d51c      0x1a1 ./Core/Src/demo.o
 .debug_macro   0x0001d6bd     0x38fb ./Core/Src/demo.o
 .debug_macro   0x00020fb8       0x56 ./Core/Src/demo.o
 .debug_macro   0x0002100e     0x159e ./Core/Src/demo.o
 .debug_macro   0x000225ac      0x5a5 ./Core/Src/demo.o
 .debug_macro   0x00022b51      0x1b9 ./Core/Src/demo.o
 .debug_macro   0x00022d0a      0x18b ./Core/Src/demo.o
 .debug_macro   0x00022e95      0x26b ./Core/Src/demo.o
 .debug_macro   0x00023100      0x23d ./Core/Src/demo.o
 .debug_macro   0x0002333d      0x241 ./Core/Src/demo.o
 .debug_macro   0x0002357e      0x37c ./Core/Src/demo.o
 .debug_macro   0x000238fa       0xd6 ./Core/Src/demo.o
 .debug_macro   0x000239d0      0x22c ./Core/Src/demo.o
 .debug_macro   0x00023bfc       0x61 ./Core/Src/demo.o
 .debug_macro   0x00023c5d       0xa5 ./Core/Src/demo.o
 .debug_macro   0x00023d02      0x122 ./Core/Src/demo.o
 .debug_macro   0x00023e24      0x3ef ./Core/Src/demo.o
 .debug_macro   0x00024213      0x330 ./Core/Src/demo.o
 .debug_macro   0x00024543      0x23a ./Core/Src/main.o
 .debug_macro   0x0002477d       0x16 ./Core/Src/main.o
 .debug_macro   0x00024793       0x16 ./Core/Src/main.o
 .debug_macro   0x000247a9       0x29 ./Core/Src/main.o
 .debug_macro   0x000247d2      0x22c ./Core/Src/state_machine.o
 .debug_macro   0x000249fe      0x1b7 ./Core/Src/system_stm32l4xx.o
 .debug_macro   0x00024bb5       0x5c ./Core/Src/system_stm32l4xx.o

.debug_line     0x00000000     0x31de
 .debug_line    0x00000000      0x5cb ./Core/Src/LED.o
 .debug_line    0x000005cb      0x5c2 ./Core/Src/SysClock.o
 .debug_line    0x00000b8d      0x6fa ./Core/Src/UART.o
 .debug_line    0x00001287      0x8b1 ./Core/Src/demo.o
 .debug_line    0x00001b38      0x672 ./Core/Src/main.o
 .debug_line    0x000021aa      0x83a ./Core/Src/state_machine.o
 .debug_line    0x000029e4      0x780 ./Core/Src/system_stm32l4xx.o
 .debug_line    0x00003164       0x7a ./Core/Startup/startup_stm32l476rgtx.o

.debug_str      0x00000000    0xe210a
 .debug_str     0x00000000    0x9e2b2 ./Core/Src/LED.o
                              0x9e44a (size before relaxing)
 .debug_str     0x0009e2b2       0xad ./Core/Src/SysClock.o
                              0x9e3c8 (size before relaxing)
 .debug_str     0x0009e35f      0x10e ./Core/Src/UART.o
                              0x9e46c (size before relaxing)
 .debug_str     0x0009e46d    0x438ac ./Core/Src/demo.o
                              0xe1c6e (size before relaxing)
 .debug_str     0x000e1d19      0x197 ./Core/Src/main.o
                              0xa1ecb (size before relaxing)
 .debug_str     0x000e1eb0      0x10f ./Core/Src/state_machine.o
                              0xa2079 (size before relaxing)
 .debug_str     0x000e1fbf      0x107 ./Core/Src/system_stm32l4xx.o
                              0xde5fd (size before relaxing)
 .debug_str     0x000e20c6       0x44 ./Core/Startup/startup_stm32l476rgtx.o
                                 0x8c (size before relaxing)

.comment        0x00000000       0x43
 .comment       0x00000000       0x43 ./Core/Src/LED.o
                                 0x44 (size before relaxing)
 .comment       0x00000043       0x44 ./Core/Src/SysClock.o
 .comment       0x00000043       0x44 ./Core/Src/UART.o
 .comment       0x00000043       0x44 ./Core/Src/demo.o
 .comment       0x00000043       0x44 ./Core/Src/main.o
 .comment       0x00000043       0x44 ./Core/Src/state_machine.o
 .comment       0x00000043       0x44 ./Core/Src/system_stm32l4xx.o

.debug_frame    0x00000000      0x4e8
 .debug_frame   0x00000000      0x130 ./Core/Src/LED.o
 .debug_frame   0x00000130       0x38 ./Core/Src/SysClock.o
 .debug_frame   0x00000168      0x138 ./Core/Src/UART.o
 .debug_frame   0x000002a0       0x90 ./Core/Src/demo.o
 .debug_frame   0x00000330       0x30 ./Core/Src/main.o
 .debug_frame   0x00000360       0xc4 ./Core/Src/state_machine.o
 .debug_frame   0x00000424       0x58 ./Core/Src/system_stm32l4xx.o
 .debug_frame   0x0000047c       0x20 /Applications/STM32CubeIDE.app/Contents/Eclipse/plugins/com.st.stm32cube.ide.mcu.externaltools.gnu-tools-for-stm32.12.3.rel1.macos64_1.1.0.202410301201/tools/bin/../lib/gcc/arm-none-eabi/12.3.1/../../../../arm-none-eabi/lib/thumb/v7e-m+fp/hard/libc_nano.a(libc_a-memset.o)
 .debug_frame   0x0000049c       0x2c /Applications/STM32CubeIDE.app/Contents/Eclipse/plugins/com.st.stm32cube.ide.mcu.externaltools.gnu-tools-for-stm32.12.3.rel1.macos64_1.1.0.202410301201/tools/bin/../lib/gcc/arm-none-eabi/12.3.1/../../../../arm-none-eabi/lib/thumb/v7e-m+fp/hard/libc_nano.a(libc_a-init.o)
 .debug_frame   0x000004c8       0x20 /Applications/STM32CubeIDE.app/Contents/Eclipse/plugins/com.st.stm32cube.ide.mcu.externaltools.gnu-tools-for-stm32.12.3.rel1.macos64_1.1.0.202410301201/tools/bin/../lib/gcc/arm-none-eabi/12.3.1/../../../../arm-none-eabi/lib/thumb/v7e-m+fp/hard/libc_nano.a(libc_a-strcmp.o)

.debug_line_str
                0x00000000       0x70
 .debug_line_str
                0x00000000       0x70 ./Core/Startup/startup_stm32l476rgtx.o
